=== 开始 2026-09-13T03:56:46Z ===
模式=full 重点省=hunan,guangdong
               total        used        free      shared  buff/cache   available
Mem:           15989        1520       12184          44        2649       14468
Swap:           3071           0        3071
== 任务数: 32 ==
Traceback (most recent call last):
  File "/home/runner/work/hunan-tariff-site/hunan-tariff-site/pipelines/unicom_pipeline.py", line 781, in <module>
    main()
  File "/home/runner/work/hunan-tariff-site/hunan-tariff-site/pipelines/unicom_pipeline.py", line 659, in main
    pool, meta = load_pool(out_dir)
                 ^^^^^^^^^^^^^^^^^^
  File "/home/runner/work/hunan-tariff-site/hunan-tariff-site/pipelines/unicom_pipeline.py", line 444, in load_pool
    d = load(os.path.join(datadir, POOL_FILE))
        ^^^^^^^^^^^^^^^^^^^^^^^^^^^^^^^^^^^^^^
  File "/home/runner/work/hunan-tariff-site/hunan-tariff-site/pipelines/unicom_pipeline.py", line 529, in load
    with open(path, encoding="utf-8") as f:
         ^^^^^^^^^^^^^^^^^^^^^^^^^^^^
FileNotFoundError: [Errno 2] No such file or directory: 'unicom/data/_pool.json'
--- 管线结束 exit=1 2026-09-13T03:56:48Z ---
               total        used        free      shared  buff/cache   available
Mem:           15989        1569       12123          46        2662       14419
Swap:           3071           0        3071
