=== 开始 2026-09-12T17:52:45Z ===
模式=focus 重点省=hunan,guangdong
--- 电信 ---
=== 抓取 hunan (湖南) ===
[hunan] session=9b11a17586424ec48adcf549b62deb06 boards=['套餐', '加装包', '营销活动']
  [套餐] count=60 got=60
  [加装包] count=563 got=563
  [营销活动] count=436 got=436
[hunan] total=1059
=== 抓取 quanguo (全国) ===
[quanguo] session=f0c20f2f94e345f8935759f831a0aeff boards=['套餐', '加装包', '营销活动', '国际/港澳台资费', '国内（不含港澳台）标准资费']
  [套餐] count=0 got=0
  [加装包] count=241 got=241
  [营销活动] count=18 got=18
  [国际/港澳台资费] count=280 got=280
  [国内（不含港澳台）标准资费] count=0 got=0
[quanguo] total=539
本次检测：无变化
latest.json 已生成: quanguo=539 hunan=1059
完成，history 共 4 条
电信 exit=0
--- 广电 ---
== 广电任务数: 3 ==
=== 抓取 quanguo (全网(全国)) ===
  [quanguo] area=ZZZZ got=133 failed_leaf=0
[quanguo] total=133
=== 抓取 hunan (湖南) ===
  [hunan] area=HN00 got=20 failed_leaf=0
[hunan] total=20
=== 抓取 guangdong (广东) ===
  [guangdong] area=GD00 got=133 failed_leaf=0
[guangdong] total=133
本次检测：无变化
latest.json 已生成: quanguo=133 prov_total=151 sections=3
完成，history 共 2 条
广电 exit=0
--- 结束 2026-09-12T17:59:47Z ---
